// Jest Snapshot v1, https://goo.gl/fbAQLP

exports[`Address getAreas 1`] = `"{\\"success\\":true,\\"data\\":[{\\"Ref\\":\\"71508128-9b87-11de-822f-000c2965ae0e\\",\\"AreasCenter\\":\\"db5c88b7-391c-11dd-90d9-001a92567626\\",\\"Description\\":\\"АРК\\"}],\\"errors\\":[],\\"warnings\\":[],\\"info\\":[],\\"messageCodes\\":[],\\"errorCodes\\":[],\\"warningCodes\\":[],\\"infoCodes\\":[]}"`;

exports[`Address getCities 1`] = `"{\\"success\\":true,\\"data\\":[{\\"Description\\":\\"Агрономічне\\",\\"DescriptionRu\\":\\"Агрономичное\\",\\"Ref\\":\\"ebc0eda9-93ec-11e3-b441-0050568002cf\\",\\"Delivery1\\":\\"1\\",\\"Delivery2\\":\\"1\\",\\"Delivery3\\":\\"1\\",\\"Delivery4\\":\\"1\\",\\"Delivery5\\":\\"1\\",\\"Delivery6\\":\\"1\\",\\"Delivery7\\":\\"0\\",\\"Area\\":\\"71508129-9b87-11de-822f-000c2965ae0e\\",\\"SettlementType\\":\\"563ced13-f210-11e3-8c4a-0050568002cf\\",\\"IsBranch\\":\\"0\\",\\"PreventEntryNewStreetsUser\\":null,\\"Conglomerates\\":null,\\"CityID\\":\\"890\\",\\"SettlementTypeDescriptionRu\\":\\"село\\",\\"SettlementTypeDescription\\":\\"село\\"}],\\"errors\\":[],\\"warnings\\":[],\\"info\\":{\\"totalCount\\":1},\\"messageCodes\\":[],\\"errorCodes\\":[],\\"warningCodes\\":[],\\"infoCodes\\":[]}"`;

exports[`Address getSettlements 1`] = `"{\\"success\\":true,\\"data\\":[{\\"Ref\\":\\"0e451e40-4b3a-11e4-ab6d-005056801329\\",\\"SettlementType\\":\\"563ced13-f210-11e3-8c4a-0050568002cf\\",\\"Latitude\\":\\"49.605372000000000\\",\\"Longitude\\":\\"34.335613000000000\\",\\"Description\\":\\"Абазівка\\",\\"DescriptionRu\\":\\"Абазовка\\",\\"SettlementTypeDescription\\":\\"село\\",\\"SettlementTypeDescriptionRu\\":\\"село\\",\\"Region\\":\\"e4ade6ea-4b33-11e4-ab6d-005056801329\\",\\"RegionsDescription\\":\\"Полтавський р-н\\",\\"RegionsDescriptionRu\\":\\"Полтавский р-н\\",\\"Area\\":\\"dcaadf02-4b33-11e4-ab6d-005056801329\\",\\"AreaDescription\\":\\"Полтавська область\\",\\"AreaDescriptionRu\\":\\"Полтавская область\\",\\"Index1\\":\\"38715\\",\\"Index2\\":\\"38715\\",\\"IndexCOATSU1\\":\\"5324080101\\",\\"Delivery1\\":\\"\\",\\"Delivery2\\":\\"\\",\\"Delivery3\\":\\"\\",\\"Delivery4\\":\\"\\",\\"Delivery5\\":\\"\\",\\"Delivery6\\":\\"\\",\\"Delivery7\\":\\"\\",\\"Warehouse\\":\\"0\\"}],\\"errors\\":[],\\"warnings\\":[],\\"info\\":{\\"totalCount\\":1},\\"messageCodes\\":[],\\"errorCodes\\":[],\\"warningCodes\\":[],\\"infoCodes\\":[]}"`;

exports[`Address getStreet 1`] = `"{\\"success\\":true,\\"data\\":[{\\"Description\\":\\"24-го Серпня\\",\\"Ref\\":\\"709b80ad-68ce-11e4-acce-0050568002cf\\",\\"StreetsTypeRef\\":\\"Street\\",\\"StreetsType\\":\\"вул.\\"}],\\"errors\\":[],\\"warnings\\":[],\\"info\\":{\\"totalCount\\":\\"25\\"},\\"messageCodes\\":[],\\"errorCodes\\":[],\\"warningCodes\\":[],\\"infoCodes\\":[]}"`;

exports[`Address getWarehouseTypes 1`] = `"{\\"success\\":true,\\"data\\":[{\\"Ref\\":\\"6f8c7162-4b72-4b0a-88e5-906948c6a92f\\",\\"Description\\":\\"Parcel Shop\\"},{\\"Ref\\":\\"841339c7-591a-42e2-8233-7a0a00f0ed6f\\",\\"Description\\":\\"Поштове відділення\\"},{\\"Ref\\":\\"95dc212d-479c-4ffb-a8ab-8c1b9073d0bc\\",\\"Description\\":\\"Поштомат ПриватБанку\\"},{\\"Ref\\":\\"9a68df70-0267-42a8-bb5c-37f427e36ee4\\",\\"Description\\":\\"Вантажне відділення\\"},{\\"Ref\\":\\"f9316480-5f2d-425d-bc2c-ac7cd29decf0\\",\\"Description\\":\\"Поштомат\\"}],\\"errors\\":[],\\"warnings\\":[],\\"info\\":[],\\"messageCodes\\":[],\\"errorCodes\\":[],\\"warningCodes\\":[],\\"infoCodes\\":[]}"`;

exports[`Address getWarehouses 1`] = `"{\\"success\\":true,\\"data\\":[{\\"SiteKey\\":\\"10119\\",\\"Description\\":\\"Відділення №1: вул. М. Грушевського, 3\\",\\"DescriptionRu\\":\\"Отделение №1: ул. М. Грушевского, 3\\",\\"ShortAddress\\":\\"Заболотів, М. Грушевського, 3\\",\\"ShortAddressRu\\":\\"\\",\\"Phone\\":\\"0-800-500-609\\",\\"TypeOfWarehouse\\":\\"9a68df70-0267-42a8-bb5c-37f427e36ee4\\",\\"Ref\\":\\"39931b80-e1c2-11e3-8c4a-0050568002cf\\",\\"Number\\":\\"1\\",\\"CityRef\\":\\"20982d74-9b6c-11e2-a57a-d4ae527baec3\\",\\"CityDescription\\":\\"Заболотів (Снятинський р-н)\\",\\"CityDescriptionRu\\":\\"Заболотов (Снятинский р-н)\\",\\"Longitude\\":\\"25.299652300000000\\",\\"Latitude\\":\\"48.470805500000000\\",\\"PostFinance\\":\\"1\\",\\"BicycleParking\\":\\"0\\",\\"PaymentAccess\\":\\"0\\",\\"POSTerminal\\":\\"0\\",\\"InternationalShipping\\":\\"0\\",\\"TotalMaxWeightAllowed\\":0,\\"PlaceMaxWeightAllowed\\":0,\\"Reception\\":{\\"Monday\\":\\"15:30-18:00\\",\\"Tuesday\\":\\"15:30-18:00\\",\\"Wednesday\\":\\"15:30-18:00\\",\\"Thursday\\":\\"15:30-18:00\\",\\"Friday\\":\\"15:30-18:00\\",\\"Saturday\\":\\"-\\",\\"Sunday\\":\\"-\\"},\\"Delivery\\":{\\"Monday\\":\\"08:00-15:00\\",\\"Tuesday\\":\\"08:00-15:00\\",\\"Wednesday\\":\\"08:00-15:00\\",\\"Thursday\\":\\"08:00-15:00\\",\\"Friday\\":\\"08:00-15:00\\",\\"Saturday\\":\\"-\\",\\"Sunday\\":\\"-\\"},\\"Schedule\\":{\\"Monday\\":\\"08:00-18:00\\",\\"Tuesday\\":\\"08:00-18:00\\",\\"Wednesday\\":\\"08:00-18:00\\",\\"Thursday\\":\\"08:00-18:00\\",\\"Friday\\":\\"08:00-18:00\\",\\"Saturday\\":\\"09:00-15:00\\",\\"Sunday\\":\\"-\\"}}],\\"errors\\":[],\\"warnings\\":[],\\"info\\":{\\"totalCount\\":1},\\"messageCodes\\":[],\\"errorCodes\\":[],\\"warningCodes\\":[],\\"infoCodes\\":[]}"`;

exports[`Address searchSettlements 1`] = `"{\\"success\\":true,\\"data\\":[{\\"TotalCount\\":1,\\"Addresses\\":[{\\"Warehouses\\":560,\\"MainDescription\\":\\"Київ\\",\\"Area\\":\\"Київська\\",\\"Region\\":\\"Київська\\",\\"SettlementTypeCode\\":\\"м.\\",\\"Ref\\":\\"e718a680-4b33-11e4-ab6d-005056801329\\",\\"DeliveryCity\\":\\"8d5a980d-391c-11dd-90d9-001a92567626\\",\\"StreetsAvailability\\":true}]}],\\"errors\\":[],\\"warnings\\":[],\\"info\\":[],\\"messageCodes\\":[],\\"errorCodes\\":[],\\"warningCodes\\":[],\\"infoCodes\\":[]}"`;
