// Jest Snapshot v1, https://goo.gl/fbAQLP

exports[`Common model getBackwardDeliveryCargoTypes 1`] = `"{\\"success\\":true,\\"data\\":[{\\"Description\\":\\"Документи\\",\\"Ref\\":\\"Documents\\"},{\\"Description\\":\\"Грошовий переказ\\",\\"Ref\\":\\"Money\\"}],\\"errors\\":[],\\"warnings\\":[],\\"info\\":[],\\"messageCodes\\":[],\\"errorCodes\\":[],\\"warningCodes\\":[],\\"infoCodes\\":[]}"`;

exports[`Common model getCargoDescriptionList 1`] = `"{\\"success\\":true,\\"data\\":[{\\"Ref\\":\\"f297a497-3cb8-11dd-84e9-001a92567626\\",\\"Description\\":\\"абажур\\",\\"DescriptionRu\\":\\"абажур\\"}],\\"errors\\":[],\\"warnings\\":[],\\"info\\":[],\\"messageCodes\\":[],\\"errorCodes\\":[],\\"warningCodes\\":[],\\"infoCodes\\":[]}"`;

exports[`Common model getCargoTypes 1`] = `"{\\"success\\":true,\\"data\\":[{\\"Description\\":\\"Посилка\\",\\"Ref\\":\\"Parcel\\"},{\\"Description\\":\\"Вантаж\\",\\"Ref\\":\\"Cargo\\"},{\\"Description\\":\\"Документи\\",\\"Ref\\":\\"Documents\\"},{\\"Description\\":\\"Шини-диски\\",\\"Ref\\":\\"TiresWheels\\"},{\\"Description\\":\\"Палети\\",\\"Ref\\":\\"Pallet\\"}],\\"errors\\":[],\\"warnings\\":[],\\"info\\":[],\\"messageCodes\\":[],\\"errorCodes\\":[],\\"warningCodes\\":[],\\"infoCodes\\":[]}"`;

exports[`Common model getOwnershipFormsList 1`] = `"{\\"success\\":true,\\"data\\":[{\\"Ref\\":\\"82a5538f-4f94-11e8-a3de-005056b2fc3d\\",\\"Description\\":\\"АБ\\",\\"FullName\\":\\"Адвокатське бюро\\"},{\\"Ref\\":\\"82a55390-4f94-11e8-a3de-005056b2fc3d\\",\\"Description\\":\\"АО\\",\\"FullName\\":\\"Адвокатське об’єднання\\"},{\\"Ref\\":\\"82a55391-4f94-11e8-a3de-005056b2fc3d\\",\\"Description\\":\\"Асоціація\\",\\"FullName\\":\\"Асоціація\\"},{\\"Ref\\":\\"82a55392-4f94-11e8-a3de-005056b2fc3d\\",\\"Description\\":\\"АТ\\",\\"FullName\\":\\"Акціонерне товариство\\"},{\\"Ref\\":\\"82a55393-4f94-11e8-a3de-005056b2fc3d\\",\\"Description\\":\\"БО\\",\\"FullName\\":\\"Благодійна організація\\"},{\\"Ref\\":\\"82a55394-4f94-11e8-a3de-005056b2fc3d\\",\\"Description\\":\\"ВАТ\\",\\"FullName\\":\\"Відкрите акціонерне товариство\\"},{\\"Ref\\":\\"7f0f3516-2519-11df-be9a-000c291af1b3\\",\\"Description\\":\\"ВирКооп\\",\\"FullName\\":\\"Виробничий кооператив\\"},{\\"Ref\\":\\"82a55395-4f94-11e8-a3de-005056b2fc3d\\",\\"Description\\":\\"ВККСУ\\",\\"FullName\\":\\"Вища кваліфікаційна комісія суддів України\\"},{\\"Ref\\":\\"82a55396-4f94-11e8-a3de-005056b2fc3d\\",\\"Description\\":\\"ГК\\",\\"FullName\\":\\"Гаражний кооператив\\"},{\\"Ref\\":\\"2a918a16-1619-11e8-ba66-005056b2fc3d\\",\\"Description\\":\\"ГО\\",\\"FullName\\":\\"Громадська організація \\"},{\\"Ref\\":\\"82a55397-4f94-11e8-a3de-005056b2fc3d\\",\\"Description\\":\\"ГрСп\\",\\"FullName\\":\\"Громадська спілка\\"},{\\"Ref\\":\\"82a55398-4f94-11e8-a3de-005056b2fc3d\\",\\"Description\\":\\"ДАТ\\",\\"FullName\\":\\"Державна акціонерна компанія (товариство)\\"},{\\"Ref\\":\\"7f0f3515-2519-11df-be9a-000c291af1b3\\",\\"Description\\":\\"ДержП\\",\\"FullName\\":\\"Державне підприємство\\"},{\\"Ref\\":\\"82a55399-4f94-11e8-a3de-005056b2fc3d\\",\\"Description\\":\\"ДО\\",\\"FullName\\":\\"Державна організація (установа, заклад)\\"},{\\"Ref\\":\\"82a5539a-4f94-11e8-a3de-005056b2fc3d\\",\\"Description\\":\\"ДП\\",\\"FullName\\":\\"Дочірнє підприємство\\"},{\\"Ref\\":\\"82a5539b-4f94-11e8-a3de-005056b2fc3d\\",\\"Description\\":\\"ЖБК\\",\\"FullName\\":\\"Житлово-будівельний кооператив\\"},{\\"Ref\\":\\"82a5539c-4f94-11e8-a3de-005056b2fc3d\\",\\"Description\\":\\"ЗАТ\\",\\"FullName\\":\\"Закрите акціонерне товариство\\"},{\\"Ref\\":\\"82a5539d-4f94-11e8-a3de-005056b2fc3d\\",\\"Description\\":\\"ІндП\\",\\"FullName\\":\\"Індивідуальне підприємство\\"},{\\"Ref\\":\\"82a5539e-4f94-11e8-a3de-005056b2fc3d\\",\\"Description\\":\\"ІншФорми\\",\\"FullName\\":\\"Інші організаційно-правові форми\\"},{\\"Ref\\":\\"82a5539f-4f94-11e8-a3de-005056b2fc3d\\",\\"Description\\":\\"ІП\\",\\"FullName\\":\\"Іноземне підприємство\\"},{\\"Ref\\":\\"82a553a0-4f94-11e8-a3de-005056b2fc3d\\",\\"Description\\":\\"КазП\\",\\"FullName\\":\\"Казенне підприємство\\"},{\\"Ref\\":\\"82a553a1-4f94-11e8-a3de-005056b2fc3d\\",\\"Description\\":\\"КО\\",\\"FullName\\":\\"Комунальна організація (установа, заклад)\\"},{\\"Ref\\":\\"82a553a2-4f94-11e8-a3de-005056b2fc3d\\",\\"Description\\":\\"КолП\\",\\"FullName\\":\\"Колективне підприємство\\"},{\\"Ref\\":\\"82a553a3-4f94-11e8-a3de-005056b2fc3d\\",\\"Description\\":\\"Консорц\\",\\"FullName\\":\\"Консорціум\\"},{\\"Ref\\":\\"82a553a4-4f94-11e8-a3de-005056b2fc3d\\",\\"Description\\":\\"Концерн\\",\\"FullName\\":\\"Концерн\\"},{\\"Ref\\":\\"82a553a5-4f94-11e8-a3de-005056b2fc3d\\",\\"Description\\":\\"КоопБ\\",\\"FullName\\":\\"Кооперативний банк\\"},{\\"Ref\\":\\"82a553a6-4f94-11e8-a3de-005056b2fc3d\\",\\"Description\\":\\"Корп\\",\\"FullName\\":\\"Корпорація\\"},{\\"Ref\\":\\"7f0f3518-2519-11df-be9a-000c291af1b3\\",\\"Description\\":\\"КП\\",\\"FullName\\":\\"Комунальне підприємство\\"},{\\"Ref\\":\\"82a553a7-4f94-11e8-a3de-005056b2fc3d\\",\\"Description\\":\\"КреСпілка\\",\\"FullName\\":\\"Кредитна спілка\\"},{\\"Ref\\":\\"10d78dad-2352-11e2-83ab-d4ae52ab9fab\\",\\"Description\\":\\"КТ\\",\\"FullName\\":\\"Командитне товариство\\"},{\\"Ref\\":\\"82a553a8-4f94-11e8-a3de-005056b2fc3d\\",\\"Description\\":\\"НедФонд\\",\\"FullName\\":\\"Недержавний пенсійний фонд\\"},{\\"Ref\\":\\"82a553a9-4f94-11e8-a3de-005056b2fc3d\\",\\"Description\\":\\"ОбПроф\\",\\"FullName\\":\\"Об’єднання профспілок\\"},{\\"Ref\\":\\"82a553aa-4f94-11e8-a3de-005056b2fc3d\\",\\"Description\\":\\"ОбслКооп\\",\\"FullName\\":\\"Обслуговуючий кооператив\\"},{\\"Ref\\":\\"82a553ab-4f94-11e8-a3de-005056b2fc3d\\",\\"Description\\":\\"ОМС\\",\\"FullName\\":\\"Орган місцевого самоврядування\\"},{\\"Ref\\":\\"82a553ac-4f94-11e8-a3de-005056b2fc3d\\",\\"Description\\":\\"ООГ\\",\\"FullName\\":\\"Організація (установа, заклад) об’єднання громадян\\"},{\\"Ref\\":\\"82a553ad-4f94-11e8-a3de-005056b2fc3d\\",\\"Description\\":\\"ОрАдСам\\",\\"FullName\\":\\"Органи адвокатського самоврядування\\"},{\\"Ref\\":\\"82a553ae-4f94-11e8-a3de-005056b2fc3d\\",\\"Description\\":\\"ОргОенд\\",\\"FullName\\":\\"Організація орендарів\\"},{\\"Ref\\":\\"82a553af-4f94-11e8-a3de-005056b2fc3d\\",\\"Description\\":\\"ОргПок\\",\\"FullName\\":\\"Організація покупців\\"},{\\"Ref\\":\\"82a553b0-4f94-11e8-a3de-005056b2fc3d\\",\\"Description\\":\\"ОргРабд\\",\\"FullName\\":\\"Організація роботодавців \\"},{\\"Ref\\":\\"82a553b1-4f94-11e8-a3de-005056b2fc3d\\",\\"Description\\":\\"ОрДержВл\\",\\"FullName\\":\\"Орган державної влади\\"},{\\"Ref\\":\\"82a553b2-4f94-11e8-a3de-005056b2fc3d\\",\\"Description\\":\\"ОрП\\",\\"FullName\\":\\"Орендне підприємство\\"},{\\"Ref\\":\\"82a553b3-4f94-11e8-a3de-005056b2fc3d\\",\\"Description\\":\\"ОрСамНас\\",\\"FullName\\":\\"Орган самоорганізації населення\\"},{\\"Ref\\":\\"82a553b4-4f94-11e8-a3de-005056b2fc3d\\",\\"Description\\":\\"ОрСудСам\\",\\"FullName\\":\\"Органи суддівського самоврядування\\"},{\\"Ref\\":\\"82a553b5-4f94-11e8-a3de-005056b2fc3d\\",\\"Description\\":\\"ОСББ\\",\\"FullName\\":\\"Об’єднання співвласників багатоквартирного будинку\\"},{\\"Ref\\":\\"361b83db-886e-11e1-a146-0026b97ed48a\\",\\"Description\\":\\"ПАТ\\",\\"FullName\\":\\"Публічне акціонерне товариство\\"},{\\"Ref\\":\\"9252696e-2202-11e4-acce-0050568002cf\\",\\"Description\\":\\"ПII\\",\\"FullName\\":\\"Підприємство з іноземними інвестиціями\\"},{\\"Ref\\":\\"82a553b6-4f94-11e8-a3de-005056b2fc3d\\",\\"Description\\":\\"ПОГ\\",\\"FullName\\":\\"Підприємство об’єднання громадян (релігійної орган\\"},{\\"Ref\\":\\"82a553b7-4f94-11e8-a3de-005056b2fc3d\\",\\"Description\\":\\"ПолП\\",\\"FullName\\":\\"Політична партія\\"},{\\"Ref\\":\\"7f0f3519-2519-11df-be9a-000c291af1b3\\",\\"Description\\":\\"ПП\\",\\"FullName\\":\\"Приватне підприємство (не приватний підприємець)\\"},{\\"Ref\\":\\"b0b2c790-8920-11e1-8429-0026b97ed48a\\",\\"Description\\":\\"ПрАТ\\",\\"FullName\\":\\"Акціонерне товариство (ПАТ, ПрАТ, ВАТ, ЗАТ)\\"},{\\"Ref\\":\\"82a553b8-4f94-11e8-a3de-005056b2fc3d\\",\\"Description\\":\\"Предст\\",\\"FullName\\":\\"Представництво\\"},{\\"Ref\\":\\"82a553c9-4f94-11e8-a3de-005056b2fc3d\\",\\"Description\\":\\"ПрОрг\\",\\"FullName\\":\\"Приватна організація (установа, заклад)\\"},{\\"Ref\\":\\"82a553b9-4f94-11e8-a3de-005056b2fc3d\\",\\"Description\\":\\"Профспілка\\",\\"FullName\\":\\"Профспілка\\"},{\\"Ref\\":\\"82a553ba-4f94-11e8-a3de-005056b2fc3d\\",\\"Description\\":\\"ПСКооп\\",\\"FullName\\":\\"Підприємство споживчої кооперації\\"},{\\"Ref\\":\\"7f0f3514-2519-11df-be9a-000c291af1b3\\",\\"Description\\":\\"ПТ\\",\\"FullName\\":\\"Повне товариство\\"},{\\"Ref\\":\\"82a553bb-4f94-11e8-a3de-005056b2fc3d\\",\\"Description\\":\\"РелОрг\\",\\"FullName\\":\\"Релігійна організація\\"},{\\"Ref\\":\\"82a553bc-4f94-11e8-a3de-005056b2fc3d\\",\\"Description\\":\\"СГВирКооп\\",\\"FullName\\":\\"Сільськогосподарський виробничий кооператив\\"},{\\"Ref\\":\\"82a553bd-4f94-11e8-a3de-005056b2fc3d\\",\\"Description\\":\\"СГОбКооп\\",\\"FullName\\":\\"Сільськогосподарський обслуговуючий кооператив\\"},{\\"Ref\\":\\"82a553be-4f94-11e8-a3de-005056b2fc3d\\",\\"Description\\":\\"СімП\\",\\"FullName\\":\\"СімП\\"},{\\"Ref\\":\\"7f0f351a-2519-11df-be9a-000c291af1b3\\",\\"Description\\":\\"СП\\",\\"FullName\\":\\"Спільне підприємство\\"},{\\"Ref\\":\\"82a553bf-4f94-11e8-a3de-005056b2fc3d\\",\\"Description\\":\\"СпіТов\\",\\"FullName\\":\\"Спілка споживчих товариств\\"},{\\"Ref\\":\\"82a553c0-4f94-11e8-a3de-005056b2fc3d\\",\\"Description\\":\\"СпожКооп\\",\\"FullName\\":\\"Споживчий кооператив\\"},{\\"Ref\\":\\"82a553c1-4f94-11e8-a3de-005056b2fc3d\\",\\"Description\\":\\"СпоТов\\",\\"FullName\\":\\"Споживче товариство\\"},{\\"Ref\\":\\"82a553c2-4f94-11e8-a3de-005056b2fc3d\\",\\"Description\\":\\"СТ\\",\\"FullName\\":\\"Садівниче товариство\\"},{\\"Ref\\":\\"a2d2bf81-4afe-11e9-acea-005056b24375\\",\\"Description\\":\\"СТОВ\\",\\"FullName\\":\\"Сільск-ке товариство з обмеженою відповідальністю\\"},{\\"Ref\\":\\"82a553c3-4f94-11e8-a3de-005056b2fc3d\\",\\"Description\\":\\"СудСис\\",\\"FullName\\":\\"Судова система\\"},{\\"Ref\\":\\"82a553c4-4f94-11e8-a3de-005056b2fc3d\\",\\"Description\\":\\"ТвСп\\",\\"FullName\\":\\"Творча спілка (інша професійна організація)\\"},{\\"Ref\\":\\"7f0f351c-2519-11df-be9a-000c291af1b3\\",\\"Description\\":\\"ТДВ\\",\\"FullName\\":\\"Товариство з додатковою відповідальністю\\"},{\\"Ref\\":\\"7f0f351d-2519-11df-be9a-000c291af1b3\\",\\"Description\\":\\"ТОВ\\",\\"FullName\\":\\"Товариство з обмеженою відповідальністю\\"},{\\"Ref\\":\\"82a553c5-4f94-11e8-a3de-005056b2fc3d\\",\\"Description\\":\\"ТовБіржа\\",\\"FullName\\":\\"Товарна біржа\\"},{\\"Ref\\":\\"7f0f3517-2519-11df-be9a-000c291af1b3\\",\\"Description\\":\\"ФГ\\",\\"FullName\\":\\"Фермерське господарство\\"},{\\"Ref\\":\\"d558bfcb-7456-11df-ad52-000c29118aa7\\",\\"Description\\":\\"Фізична особа\\",\\"FullName\\":\\"Фізична особа\\"},{\\"Ref\\":\\"82a553c6-4f94-11e8-a3de-005056b2fc3d\\",\\"Description\\":\\"Філія\\",\\"FullName\\":\\"Філія (інший відокремлений підрозділ)\\"},{\\"Ref\\":\\"82a553c7-4f94-11e8-a3de-005056b2fc3d\\",\\"Description\\":\\"ФонБіржа\\",\\"FullName\\":\\"Фондова біржа\\"},{\\"Ref\\":\\"d558bfcc-7456-11df-ad52-000c29118aa7\\",\\"Description\\":\\"ФОП\\",\\"FullName\\":\\"Фізична особа-підприємець\\"},{\\"Ref\\":\\"82a553c8-4f94-11e8-a3de-005056b2fc3d\\",\\"Description\\":\\"ХК\\",\\"FullName\\":\\"Холдингова компанія\\"}],\\"errors\\":[],\\"warnings\\":[],\\"info\\":[],\\"messageCodes\\":[],\\"errorCodes\\":[],\\"warningCodes\\":[],\\"infoCodes\\":[]}"`;

exports[`Common model getPackList 1`] = `"{\\"success\\":true,\\"data\\":[{\\"Ref\\":\\"63d9608e-3107-11e5-add9-005056887b8d\\",\\"Description\\":\\"Конверт з ПБ плівкою С/13 (150х215) мм\\",\\"DescriptionRu\\":\\"Конверт с ВП пленкой С/13 (150х215) мм\\",\\"Length\\":\\"205.0\\",\\"Width\\":\\"140.0\\",\\"Height\\":\\"10.0\\",\\"VolumetricWeight\\":\\"0.07\\",\\"TypeOfPacking\\":\\"\\"},{\\"Ref\\":\\"dc389ddc-3106-11e5-add9-005056887b8d\\",\\"Description\\":\\"Конверт з ПБ плівкою D/14 (180х265) мм\\",\\"DescriptionRu\\":\\"Конверт с ВП пленкой D/14 (180х265) мм\\",\\"Length\\":\\"255.0\\",\\"Width\\":\\"170.0\\",\\"Height\\":\\"10.0\\",\\"VolumetricWeight\\":\\"0.11\\",\\"TypeOfPacking\\":\\"\\"},{\\"Ref\\":\\"dc389dfe-3106-11e5-add9-005056887b8d\\",\\"Description\\":\\"Конверт з ПБ плівкою E/15 (220х265) мм\\",\\"DescriptionRu\\":\\"Конверт с ВП пленкой E/15 (220х265) мм\\",\\"Length\\":\\"255.0\\",\\"Width\\":\\"210.0\\",\\"Height\\":\\"10.0\\",\\"VolumetricWeight\\":\\"0.13\\",\\"TypeOfPacking\\":\\"\\"},{\\"Ref\\":\\"b3b70094-dcd5-11e8-ad0d-005056b24375\\",\\"Description\\":\\"Коробка (0,5кг) стандартна з наповнювачем\\",\\"DescriptionRu\\":\\"Упаковка бумагой в коробку (0,5 кг) стандартная\\",\\"Length\\":\\"165.0\\",\\"Width\\":\\"115.0\\",\\"Height\\":\\"100.0\\",\\"VolumetricWeight\\":\\"0.50\\",\\"TypeOfPacking\\":\\"\\"},{\\"Ref\\":\\"f6f72e4c-5daf-11e3-b441-0050568002cf\\",\\"Description\\":\\"Коробка (0,5 кг) стандартна\\",\\"DescriptionRu\\":\\"Коробка (0,5 кг) стандартная\\",\\"Length\\":\\"165.0\\",\\"Width\\":\\"115.0\\",\\"Height\\":\\"100.0\\",\\"VolumetricWeight\\":\\"0.50\\",\\"TypeOfPacking\\":\\"\\"},{\\"Ref\\":\\"b3b7005e-dcd5-11e8-ad0d-005056b24375\\",\\"Description\\":\\"Коробка (0,5 кг) пласка з наповнювачем\\",\\"DescriptionRu\\":\\"Упаковка бумагой в коробку (0,5 кг) плоская\\",\\"Length\\":\\"245.0\\",\\"Width\\":\\"165.0\\",\\"Height\\":\\"50.0\\",\\"VolumetricWeight\\":\\"0.50\\",\\"TypeOfPacking\\":\\"\\"},{\\"Ref\\":\\"f6f72e4b-5daf-11e3-b441-0050568002cf\\",\\"Description\\":\\"Коробка (0,5 кг) пласка\\",\\"DescriptionRu\\":\\"Коробка (0,5 кг) плоская\\",\\"Length\\":\\"245.0\\",\\"Width\\":\\"165.0\\",\\"Height\\":\\"50.0\\",\\"VolumetricWeight\\":\\"0.50\\",\\"TypeOfPacking\\":\\"\\"},{\\"Ref\\":\\"085e2da0-dcd6-11e8-ad0d-005056b24375\\",\\"Description\\":\\"Коробка (1 кг) стандартна з наповнювачем\\",\\"DescriptionRu\\":\\"Упаковка бумагой в коробку (1 кг) стандартная\\",\\"Length\\":\\"235.0\\",\\"Width\\":\\"165.0\\",\\"Height\\":\\"100.0\\",\\"VolumetricWeight\\":\\"1.00\\",\\"TypeOfPacking\\":\\"\\"},{\\"Ref\\":\\"80049ea8-2ab0-11e3-b441-0050568002cf\\",\\"Description\\":\\"Коробка (1 кг) стандартна\\",\\"DescriptionRu\\":\\"Коробка (1 кг) стандартная\\",\\"Length\\":\\"235.0\\",\\"Width\\":\\"165.0\\",\\"Height\\":\\"100.0\\",\\"VolumetricWeight\\":\\"1.00\\",\\"TypeOfPacking\\":\\"\\"},{\\"Ref\\":\\"80049ea9-2ab0-11e3-b441-0050568002cf\\",\\"Description\\":\\"Коробка (1 кг) пласка\\",\\"DescriptionRu\\":\\"Коробка (1 кг) плоская\\",\\"Length\\":\\"335.0\\",\\"Width\\":\\"235.0\\",\\"Height\\":\\"50.0\\",\\"VolumetricWeight\\":\\"1.00\\",\\"TypeOfPacking\\":\\"\\"},{\\"Ref\\":\\"d3bd1af2-dcd5-11e8-ad0d-005056b24375\\",\\"Description\\":\\"Коробка (1 кг) пласка з наповнювачем\\",\\"DescriptionRu\\":\\"Упаковка бумагой в коробку (1 кг) плоская\\",\\"Length\\":\\"335.0\\",\\"Width\\":\\"235.0\\",\\"Height\\":\\"50.0\\",\\"VolumetricWeight\\":\\"1.00\\",\\"TypeOfPacking\\":\\"\\"},{\\"Ref\\":\\"ab0cd73c-da19-11e1-aa18-d4ae527baec9\\",\\"Description\\":\\"Коробка (2 кг)\\",\\"DescriptionRu\\":\\"Коробка (2 кг)\\",\\"Length\\":\\"330.0\\",\\"Width\\":\\"230.0\\",\\"Height\\":\\"100.0\\",\\"VolumetricWeight\\":\\"2.00\\",\\"TypeOfPacking\\":\\"\\"},{\\"Ref\\":\\"c20a0982-dcd6-11e8-ad0d-005056b24375\\",\\"Description\\":\\"Коробка (2 кг) з наповнювачем\\",\\"DescriptionRu\\":\\"Упаковка бумагой в коробку  (2 кг)\\",\\"Length\\":\\"330.0\\",\\"Width\\":\\"230.0\\",\\"Height\\":\\"100.0\\",\\"VolumetricWeight\\":\\"2.00\\",\\"TypeOfPacking\\":\\"\\"},{\\"Ref\\":\\"c5d49e74-4ea1-11e2-889f-001631fa0467\\",\\"Description\\":\\"Пакування в стрейч плівку (0.1-2 кг)\\",\\"DescriptionRu\\":\\"Упаковка в стрейч пленку (0.1-2 кг)\\",\\"Length\\":\\"200.0\\",\\"Width\\":\\"200.0\\",\\"Height\\":\\"200.0\\",\\"VolumetricWeight\\":\\"0.00\\",\\"TypeOfPacking\\":\\"\\"},{\\"Ref\\":\\"04a73c1c-dcd7-11e8-ad0d-005056b24375\\",\\"Description\\":\\"Коробка (3 кг) з наповнювачем\\",\\"DescriptionRu\\":\\"Упаковка бумагой в коробку  (3кг)\\",\\"Length\\":\\"240.0\\",\\"Width\\":\\"230.0\\",\\"Height\\":\\"210.0\\",\\"VolumetricWeight\\":\\"3.00\\",\\"TypeOfPacking\\":\\"\\"},{\\"Ref\\":\\"f6f72e4d-5daf-11e3-b441-0050568002cf\\",\\"Description\\":\\"Коробка (3 кг)\\",\\"DescriptionRu\\":\\"Коробка (3 кг) \\",\\"Length\\":\\"240.0\\",\\"Width\\":\\"230.0\\",\\"Height\\":\\"210.0\\",\\"VolumetricWeight\\":\\"3.00\\",\\"TypeOfPacking\\":\\"\\"},{\\"Ref\\":\\"ce5156c6-cc81-11e4-a77a-005056887b8d\\",\\"Description\\":\\"Тубус 60 cм\\",\\"DescriptionRu\\":\\"Гофроящик \\\\\\"Тубус 60 cм\\\\\\"\\",\\"Length\\":\\"600.0\\",\\"Width\\":\\"150.0\\",\\"Height\\":\\"130.0\\",\\"VolumetricWeight\\":\\"3.00\\",\\"TypeOfPacking\\":\\"\\"},{\\"Ref\\":\\"988f6991-1bd2-11e4-acce-0050568002cf\\",\\"Description\\":\\"Коробка (4кг) для ноутбука\\",\\"DescriptionRu\\":\\"Коробка для ноутбука\\",\\"Length\\":\\"535.0\\",\\"Width\\":\\"380.0\\",\\"Height\\":\\"75.0\\",\\"VolumetricWeight\\":\\"4.00\\",\\"TypeOfPacking\\":\\"\\"},{\\"Ref\\":\\"10faca52-fc54-11df-ad22-0024e83b596e\\",\\"Description\\":\\"Коробка (5 кг)\\",\\"DescriptionRu\\":\\"Коробка (5 кг)\\",\\"Length\\":\\"390.0\\",\\"Width\\":\\"230.0\\",\\"Height\\":\\"210.0\\",\\"VolumetricWeight\\":\\"5.00\\",\\"TypeOfPacking\\":\\"\\"},{\\"Ref\\":\\"3ab6e3b4-dcd7-11e8-ad0d-005056b24375\\",\\"Description\\":\\"Коробка (5 кг) з наповнювачем\\",\\"DescriptionRu\\":\\"Упаковка бумагой в коробку (5 кг) \\",\\"Length\\":\\"390.0\\",\\"Width\\":\\"230.0\\",\\"Height\\":\\"210.0\\",\\"VolumetricWeight\\":\\"5.00\\",\\"TypeOfPacking\\":\\"\\"},{\\"Ref\\":\\"01f20c82-cc80-11e4-a77a-005056887b8d\\",\\"Description\\":\\"Тубус 110 cм\\",\\"DescriptionRu\\":\\"Гофроящик \\\\\\"Тубус 110 cм\\\\\\"\\",\\"Length\\":\\"1100.0\\",\\"Width\\":\\"150.0\\",\\"Height\\":\\"130.0\\",\\"VolumetricWeight\\":\\"5.00\\",\\"TypeOfPacking\\":\\"\\"},{\\"Ref\\":\\"ce5156a3-cc81-11e4-a77a-005056887b8d\\",\\"Description\\":\\"Тубус 150 cм\\",\\"DescriptionRu\\":\\"Гофроящик \\\\\\"Тубус 150 cм\\\\\\"\\",\\"Length\\":\\"1500.0\\",\\"Width\\":\\"150.0\\",\\"Height\\":\\"130.0\\",\\"VolumetricWeight\\":\\"8.00\\",\\"TypeOfPacking\\":\\"\\"},{\\"Ref\\":\\"2200f200-dcd6-11e8-ad0d-005056b24375\\",\\"Description\\":\\"Коробка (10 кг) з наповнювачем\\",\\"DescriptionRu\\":\\"Упаковка бумагой в коробку  (10 кг)\\",\\"Length\\":\\"390.0\\",\\"Width\\":\\"340.0\\",\\"Height\\":\\"280.0\\",\\"VolumetricWeight\\":\\"10.00\\",\\"TypeOfPacking\\":\\"\\"},{\\"Ref\\":\\"63e53f67-5098-11e0-ad70-fac2898a22b9\\",\\"Description\\":\\"Коробка (10 кг)\\",\\"DescriptionRu\\":\\"Коробка (10 кг)\\",\\"Length\\":\\"390.0\\",\\"Width\\":\\"340.0\\",\\"Height\\":\\"280.0\\",\\"VolumetricWeight\\":\\"10.00\\",\\"TypeOfPacking\\":\\"\\"},{\\"Ref\\":\\"36c461c8-dcd6-11e8-ad0d-005056b24375\\",\\"Description\\":\\"Коробка (15 кг) з наповнювачем\\",\\"DescriptionRu\\":\\"Упаковка бумагой в коробку  (15 кг)\\",\\"Length\\":\\"590.0\\",\\"Width\\":\\"340.0\\",\\"Height\\":\\"280.0\\",\\"VolumetricWeight\\":\\"15.00\\",\\"TypeOfPacking\\":\\"\\"},{\\"Ref\\":\\"ab0cd73d-da19-11e1-aa18-d4ae527baec9\\",\\"Description\\":\\"Коробка (15 кг)\\",\\"DescriptionRu\\":\\"Коробка (15 кг)\\",\\"Length\\":\\"590.0\\",\\"Width\\":\\"340.0\\",\\"Height\\":\\"280.0\\",\\"VolumetricWeight\\":\\"15.00\\",\\"TypeOfPacking\\":\\"\\"},{\\"Ref\\":\\"c20a09b8-dcd6-11e8-ad0d-005056b24375\\",\\"Description\\":\\"Коробка (20 кг) з наповнювачем\\",\\"DescriptionRu\\":\\"Упаковка бумагой в коробку  (20 кг)\\",\\"Length\\":\\"460.0\\",\\"Width\\":\\"420.0\\",\\"Height\\":\\"390.0\\",\\"VolumetricWeight\\":\\"20.00\\",\\"TypeOfPacking\\":\\"\\"},{\\"Ref\\":\\"f6f72e4e-5daf-11e3-b441-0050568002cf\\",\\"Description\\":\\"Коробка (20 кг)\\",\\"DescriptionRu\\":\\"Коробка (20 кг)\\",\\"Length\\":\\"460.0\\",\\"Width\\":\\"420.0\\",\\"Height\\":\\"390.0\\",\\"VolumetricWeight\\":\\"20.00\\",\\"TypeOfPacking\\":\\"\\"},{\\"Ref\\":\\"eb8c268e-dcd6-11e8-ad0d-005056b24375\\",\\"Description\\":\\"Коробка (30 кг) з наповнювачем\\",\\"DescriptionRu\\":\\"Упаковка бумагой в коробку  (30 кг)\\",\\"Length\\":\\"680.0\\",\\"Width\\":\\"380.0\\",\\"Height\\":\\"410.0\\",\\"VolumetricWeight\\":\\"30.00\\",\\"TypeOfPacking\\":\\"\\"},{\\"Ref\\":\\"f6f72e4f-5daf-11e3-b441-0050568002cf\\",\\"Description\\":\\"Коробка (30 кг)\\",\\"DescriptionRu\\":\\"Коробка (30 кг)\\",\\"Length\\":\\"700.0\\",\\"Width\\":\\"400.0\\",\\"Height\\":\\"420.0\\",\\"VolumetricWeight\\":\\"30.00\\",\\"TypeOfPacking\\":\\"\\"},{\\"Ref\\":\\"c5d49e75-4ea1-11e2-889f-001631fa0467\\",\\"Description\\":\\"Пакування в стрейч плівку (2-30 кг)\\",\\"DescriptionRu\\":\\"Упаковка в стрейч пленку (2-30 кг)\\",\\"Length\\":\\"500.0\\",\\"Width\\":\\"500.0\\",\\"Height\\":\\"480.0\\",\\"VolumetricWeight\\":\\"0.00\\",\\"TypeOfPacking\\":\\"\\"},{\\"Ref\\":\\"1c09f1d8-dcd7-11e8-ad0d-005056b24375\\",\\"Description\\":\\"Коробка (40 кг) з наповнювачем\\",\\"DescriptionRu\\":\\"Упаковка бумагой в коробку  (40 кг)\\",\\"Length\\":\\"680.0\\",\\"Width\\":\\"530.0\\",\\"Height\\":\\"440.0\\",\\"VolumetricWeight\\":\\"40.00\\",\\"TypeOfPacking\\":\\"\\"},{\\"Ref\\":\\"ab0cd73e-da19-11e1-aa18-d4ae527baec9\\",\\"Description\\":\\"Коробка (40 кг)\\",\\"DescriptionRu\\":\\"Коробка (40 кг)\\",\\"Length\\":\\"680.0\\",\\"Width\\":\\"530.0\\",\\"Height\\":\\"440.0\\",\\"VolumetricWeight\\":\\"40.00\\",\\"TypeOfPacking\\":\\"\\"},{\\"Ref\\":\\"c5d49e76-4ea1-11e2-889f-001631fa0467\\",\\"Description\\":\\"Пакування в стрейч плівку (30-100 кг)\\",\\"DescriptionRu\\":\\"Упаковка в стрейч пленку (30-100 кг)\\",\\"Length\\":\\"750.0\\",\\"Width\\":\\"750.0\\",\\"Height\\":\\"710.0\\",\\"VolumetricWeight\\":\\"0.00\\",\\"TypeOfPacking\\":\\"\\"},{\\"Ref\\":\\"c7e2e1a1-503f-11e2-912b-d4ae52ab9fab\\",\\"Description\\":\\"Пакування в стрейч плівку (більше 100 кг)\\",\\"DescriptionRu\\":\\"Упаковка в стрейч пленку (больше 100 кг)\\",\\"Length\\":\\"750.0\\",\\"Width\\":\\"750.0\\",\\"Height\\":\\"720.0\\",\\"VolumetricWeight\\":\\"0.00\\",\\"TypeOfPacking\\":\\"\\"}],\\"errors\\":[],\\"warnings\\":[],\\"info\\":[],\\"messageCodes\\":[],\\"errorCodes\\":[],\\"warningCodes\\":[],\\"infoCodes\\":[]}"`;

exports[`Common model getPalletsList 1`] = `"{\\"success\\":true,\\"data\\":[{\\"Ref\\":\\"627b0c23-d110-11dd-8c0d-001d92f78697\\",\\"Description\\":\\"Палета від 1,5 м2 до 2 м2 (816)\\",\\"DescriptionRu\\":\\"Паллета от 1,5 м2 до 2 м2\\",\\"Weight\\":\\"816.00\\"},{\\"Ref\\":\\"627b0c24-d110-11dd-8c0d-001d92f78697\\",\\"Description\\":\\"Палета від 1 м2 до 1,49 м2 (612)\\",\\"DescriptionRu\\":\\"Паллета от 1 м2 до 1,49 м2\\",\\"Weight\\":\\"612.00\\"},{\\"Ref\\":\\"627b0c25-d110-11dd-8c0d-001d92f78697\\",\\"Description\\":\\"Палета від 0,5 м2 до 0,99 м2 (408)\\",\\"DescriptionRu\\":\\"Паллета от 0,5 м2 до 0,99 м2\\",\\"Weight\\":\\"408.00\\"},{\\"Ref\\":\\"627b0c26-d110-11dd-8c0d-001d92f78697\\",\\"Description\\":\\"Палета до 0,49 м2 (204)\\",\\"DescriptionRu\\":\\"Паллета до 0,49 м2\\",\\"Weight\\":\\"204.00\\"}],\\"errors\\":[],\\"warnings\\":[],\\"info\\":[],\\"messageCodes\\":[],\\"errorCodes\\":[],\\"warningCodes\\":[],\\"infoCodes\\":[]}"`;

exports[`Common model getPaymentForms 1`] = `"{\\"success\\":true,\\"data\\":[{\\"Description\\":\\"Безготівковий\\",\\"Ref\\":\\"NonCash\\"},{\\"Description\\":\\"Готівка\\",\\"Ref\\":\\"Cash\\"}],\\"errors\\":[],\\"warnings\\":[],\\"info\\":[],\\"messageCodes\\":[],\\"errorCodes\\":[],\\"warningCodes\\":[],\\"infoCodes\\":[]}"`;

exports[`Common model getServiceTypes 1`] = `"{\\"success\\":true,\\"data\\":[{\\"Description\\":\\"Адреса-Адреса\\",\\"Ref\\":\\"DoorsDoors\\"},{\\"Description\\":\\"Адреса-Відділення\\",\\"Ref\\":\\"DoorsWarehouse\\"},{\\"Description\\":\\"Відділення-Відділення\\",\\"Ref\\":\\"WarehouseWarehouse\\"},{\\"Description\\":\\"Відділення-Адреса\\",\\"Ref\\":\\"WarehouseDoors\\"}],\\"errors\\":[],\\"warnings\\":[],\\"info\\":[],\\"messageCodes\\":[],\\"errorCodes\\":[],\\"warningCodes\\":[],\\"infoCodes\\":[]}"`;

exports[`Common model getTimeIntervals 1`] = `"{\\"success\\":true,\\"data\\":[{\\"Number\\":\\"CityDeliveryTimeInterval2\\",\\"Start\\":\\"09:00\\",\\"End\\":\\"15:00\\",\\"onNextDay\\":0},{\\"Number\\":\\"CityDeliveryTimeInterval3\\",\\"Start\\":\\"15:00\\",\\"End\\":\\"18:00\\",\\"onNextDay\\":0},{\\"Number\\":\\"CityDeliveryTimeInterval4\\",\\"Start\\":\\"18:00\\",\\"End\\":\\"21:00\\",\\"onNextDay\\":0}],\\"errors\\":[],\\"warnings\\":[],\\"info\\":[],\\"messageCodes\\":[],\\"errorCodes\\":[],\\"warningCodes\\":[],\\"infoCodes\\":[]}"`;

exports[`Common model getTiresWheelsList 1`] = `"{\\"success\\":true,\\"data\\":[{\\"Ref\\":\\"20f7b625-9add-11e3-b441-0050568002cf\\",\\"Description\\":\\"Шина вантажна R 22,5\\",\\"DescriptionRu\\":\\"Шина грузовая R 22,5\\",\\"Weight\\":\\"94.00\\",\\"DescriptionType\\":\\"Tires\\"},{\\"Ref\\":\\"20f7b626-9add-11e3-b441-0050568002cf\\",\\"Description\\":\\"Шина вантажна R 17,5 \\",\\"DescriptionRu\\":\\"Шина грузовая R 17,5\\",\\"Weight\\":\\"35.00\\",\\"DescriptionType\\":\\"Tires\\"},{\\"Ref\\":\\"20f7b627-9add-11e3-b441-0050568002cf\\",\\"Description\\":\\"Шина вантажна R 19,5\\",\\"DescriptionRu\\":\\"Шина грузовая R 19,5\\",\\"Weight\\":\\"61.00\\",\\"DescriptionType\\":\\"Tires\\"},{\\"Ref\\":\\"20f7b628-9add-11e3-b441-0050568002cf\\",\\"Description\\":\\"Шина вантажна R 20\\",\\"DescriptionRu\\":\\"Шина грузовая R 20\\",\\"Weight\\":\\"105.00\\",\\"DescriptionType\\":\\"Tires\\"},{\\"Ref\\":\\"d7c456c5-aa8b-11e3-9fa0-0050568002cf\\",\\"Description\\":\\"Шина легкова R 13-14\\",\\"DescriptionRu\\":\\"Шина легковая R 13-14\\",\\"Weight\\":\\"14.90\\",\\"DescriptionType\\":\\"Tires\\"},{\\"Ref\\":\\"d7c456c6-aa8b-11e3-9fa0-0050568002cf\\",\\"Description\\":\\"Шина легкова R 15-17\\",\\"DescriptionRu\\":\\"Шина легковая R 15-17\\",\\"Weight\\":\\"23.09\\",\\"DescriptionType\\":\\"Tires\\"},{\\"Ref\\":\\"d7c456c7-aa8b-11e3-9fa0-0050568002cf\\",\\"Description\\":\\"Шина легкова R 18-19\\",\\"DescriptionRu\\":\\"Шина легковая R 18-19\\",\\"Weight\\":\\"29.48\\",\\"DescriptionType\\":\\"Tires\\"},{\\"Ref\\":\\"d7c456c8-aa8b-11e3-9fa0-0050568002cf\\",\\"Description\\":\\"Шина легкова R 20-21\\",\\"DescriptionRu\\":\\"Шина легковая R 20-21\\",\\"Weight\\":\\"34.77\\",\\"DescriptionType\\":\\"Tires\\"},{\\"Ref\\":\\"d7c456c9-aa8b-11e3-9fa0-0050568002cf\\",\\"Description\\":\\"Шина легкова R 23\\",\\"DescriptionRu\\":\\"Шина легковая R 23\\",\\"Weight\\":\\"43.32\\",\\"DescriptionType\\":\\"Tires\\"},{\\"Ref\\":\\"d7c456ca-aa8b-11e3-9fa0-0050568002cf\\",\\"Description\\":\\"Диск вантажний R 17,5 \\",\\"DescriptionRu\\":\\"Диск грузовой R 17,5\\",\\"Weight\\":\\"28.00\\",\\"DescriptionType\\":\\"Wheels\\"},{\\"Ref\\":\\"d7c456cb-aa8b-11e3-9fa0-0050568002cf\\",\\"Description\\":\\"Диск вантажний R 19,5\\",\\"DescriptionRu\\":\\"Диск грузовой R 19,5\\",\\"Weight\\":\\"45.00\\",\\"DescriptionType\\":\\"Wheels\\"},{\\"Ref\\":\\"d7c456cc-aa8b-11e3-9fa0-0050568002cf\\",\\"Description\\":\\"Диск вантажний R 20\\",\\"DescriptionRu\\":\\"Диск грузовой R 20\\",\\"Weight\\":\\"80.00\\",\\"DescriptionType\\":\\"Wheels\\"},{\\"Ref\\":\\"d7c456cd-aa8b-11e3-9fa0-0050568002cf\\",\\"Description\\":\\"Диск вантажний R 22,5\\",\\"DescriptionRu\\":\\"Диск грузовой R 22,5\\",\\"Weight\\":\\"70.00\\",\\"DescriptionType\\":\\"Wheels\\"},{\\"Ref\\":\\"d7c456cf-aa8b-11e3-9fa0-0050568002cf\\",\\"Description\\":\\"Диск легковий R 13-14\\",\\"DescriptionRu\\":\\"Диск легковой R 13-14\\",\\"Weight\\":\\"8.75\\",\\"DescriptionType\\":\\"Wheels\\"},{\\"Ref\\":\\"d7c456d0-aa8b-11e3-9fa0-0050568002cf\\",\\"Description\\":\\"Диск легковий R 15-17\\",\\"DescriptionRu\\":\\"Диск легковой R 15-17\\",\\"Weight\\":\\"15.42\\",\\"DescriptionType\\":\\"Wheels\\"},{\\"Ref\\":\\"d7c456d1-aa8b-11e3-9fa0-0050568002cf\\",\\"Description\\":\\"Диск легковий R 18-19\\",\\"DescriptionRu\\":\\"Диск легковой R 18-19\\",\\"Weight\\":\\"23.75\\",\\"DescriptionType\\":\\"Wheels\\"},{\\"Ref\\":\\"d7c456d2-aa8b-11e3-9fa0-0050568002cf\\",\\"Description\\":\\"Диск легковий R 20-21\\",\\"DescriptionRu\\":\\"Диск легковой R 20-21\\",\\"Weight\\":\\"40.00\\",\\"DescriptionType\\":\\"Wheels\\"},{\\"Ref\\":\\"d7c456d3-aa8b-11e3-9fa0-0050568002cf\\",\\"Description\\":\\"Диск легковий R 23\\",\\"DescriptionRu\\":\\"Диск легковой R 23\\",\\"Weight\\":\\"52.50\\",\\"DescriptionType\\":\\"Wheels\\"}],\\"errors\\":[],\\"warnings\\":[],\\"info\\":[],\\"messageCodes\\":[],\\"errorCodes\\":[],\\"warningCodes\\":[],\\"infoCodes\\":[]}"`;

exports[`Common model getTypesOfCounterparties 1`] = `"{\\"success\\":true,\\"data\\":[{\\"Description\\":\\"Організація\\",\\"Ref\\":\\"Organization\\"},{\\"Description\\":\\"Приватна особа\\",\\"Ref\\":\\"PrivatePerson\\"}],\\"errors\\":[],\\"warnings\\":[],\\"info\\":[],\\"messageCodes\\":[],\\"errorCodes\\":[],\\"warningCodes\\":[],\\"infoCodes\\":[]}"`;

exports[`Common model getTypesOfPayers 1`] = `"{\\"success\\":true,\\"data\\":[{\\"Description\\":\\"Відправник\\",\\"Ref\\":\\"Sender\\"},{\\"Description\\":\\"Одержувач\\",\\"Ref\\":\\"Recipient\\"},{\\"Description\\":\\"Третя особа\\",\\"Ref\\":\\"ThirdPerson\\"}],\\"errors\\":[],\\"warnings\\":[],\\"info\\":[],\\"messageCodes\\":[],\\"errorCodes\\":[],\\"warningCodes\\":[],\\"infoCodes\\":[]}"`;
