// Jest Snapshot v1, https://goo.gl/fbAQLP

exports[`Counterparty model getCounterpartyOptions 1`] = `"{\\"success\\":true,\\"data\\":[],\\"errors\\":[],\\"warnings\\":[],\\"info\\":[],\\"messageCodes\\":[],\\"errorCodes\\":[],\\"warningCodes\\":[],\\"infoCodes\\":[]}"`;
